src/modules/user/components/ProductCard.tsx(50,97): error TS2339: Property 'id' does not exist on type 'Product'.
src/modules/user/Wishlist.tsx(20,21): error TS2345: Argument of type '{ id: any; _id: string; productName: string; seller: any; category?: any; subcategory?: any; brand?: any; publish: boolean; popular: boolean; dealOfDay: boolean; seoTitle?: string | undefined; seoKeywords?: string | undefined; ... 22 more ...; taxId?: string | undefined; }[]' is not assignable to parameter of type 'SetStateAction<Product[]>'.
  Type '{ id: any; _id: string; productName: string; seller: any; category?: any; subcategory?: any; brand?: any; publish: boolean; popular: boolean; dealOfDay: boolean; seoTitle?: string | undefined; seoKeywords?: string | undefined; ... 22 more ...; taxId?: string | undefined; }[]' is not assignable to type 'Product[]'.
    Type '{ id: any; _id: string; productName: string; seller: any; category?: any; subcategory?: any; brand?: any; publish: boolean; popular: boolean; dealOfDay: boolean; seoTitle?: string | undefined; seoKeywords?: string | undefined; ... 22 more ...; taxId?: string | undefined; }' is missing the following properties from type 'Product': name, pack, price
src/modules/user/Wishlist.tsx(22,26): error TS2339: Property 'id' does not exist on type 'Product'.
