
> speeup-backend@1.0.0 build
> tsc

src/middleware/upload.ts(29,3): error TS6133: 'req' is declared but its value is never read.
src/middleware/upload.ts(46,3): error TS6133: 'req' is declared but its value is never read.
src/middleware/upload.ts(100,3): error TS6133: 'req' is declared but its value is never read.
src/modules/admin/controllers/adminCashCollectionController.ts(18,13): error TS6133: 'search' is declared but its value is never read.
src/modules/admin/controllers/adminCouponController.ts(218,27): error TS6133: 'userId' is declared but its value is never read.
src/modules/admin/controllers/adminDashboardController.ts(15,10): error TS6133: 'req' is declared but its value is never read.
src/modules/admin/controllers/adminDashboardController.ts(83,10): error TS6133: 'req' is declared but its value is never read.
src/modules/admin/controllers/adminSellerController.ts(8,50): error TS6133: 'req' is declared but its value is never read.
src/modules/admin/controllers/adminSettingsController.ts(10,10): error TS6133: 'req' is declared but its value is never read.
src/modules/admin/controllers/adminSettingsController.ts(61,10): error TS6133: 'req' is declared but its value is never read.
src/modules/admin/controllers/adminSettingsController.ts(111,10): error TS6133: 'req' is declared but its value is never read.
src/modules/admin/controllers/adminSettingsController.ts(140,7): error TS2322: Type 'string | undefined' is not assignable to type 'ObjectId | undefined'.
  Type 'string' is not assignable to type 'ObjectId'.
src/modules/admin/controllers/adminWalletController.ts(19,7): error TS6133: 'transactionType' is declared but its value is never read.
src/modules/customer/controllers/customerCartController.ts(5,1): error TS6133: 'Product' is declared but its value is never read.
src/modules/customer/controllers/customerCouponController.ts(5,27): error TS7030: Not all code paths return a value.
src/modules/seller/controllers/categoryController.ts(171,10): error TS6133: 'req' is declared but its value is never read.
src/modules/seller/controllers/dashboardController.ts(4,1): error TS6133: 'Category' is declared but its value is never read.
src/modules/seller/controllers/dashboardController.ts(54,25): error TS18048: 'v.stock' is possibly 'undefined'.
src/modules/seller/controllers/dashboardController.ts(55,25): error TS18048: 'v.stock' is possibly 'undefined'.
src/modules/seller/controllers/dashboardController.ts(55,40): error TS18048: 'v.stock' is possibly 'undefined'.
src/modules/seller/controllers/productController.ts(314,23): error TS18048: 'product.variations' is possibly 'undefined'.
src/modules/seller/controllers/productController.ts(314,42): error TS2339: Property 'id' does not exist on type '{ name: string; value: string; price?: number | undefined; stock?: number | undefined; sku?: string | undefined; }[]'.
src/modules/seller/controllers/productController.ts(395,27): error TS18048: 'product.variations' is possibly 'undefined'.
src/modules/seller/controllers/productController.ts(395,46): error TS2339: Property 'id' does not exist on type '{ name: string; value: string; price?: number | undefined; stock?: number | undefined; sku?: string | undefined; }[]'.
src/modules/seller/controllers/returnController.ts(3,1): error TS6133: 'Order' is declared but its value is never read.
src/modules/seller/controllers/returnController.ts(4,1): error TS6133: 'OrderItem' is declared but its value is never read.
src/modules/seller/controllers/returnController.ts(74,31): error TS2551: Property 'orderItemId' does not exist on type 'Document<unknown, {}, IReturn, {}, {}> & IReturn & Required<{ _id: ObjectId; }> & { __v: number; }'. Did you mean 'orderItem'?
src/modules/seller/controllers/returnController.ts(75,27): error TS2339: Property 'productName' does not exist on type 'Document<unknown, {}, IReturn, {}, {}> & IReturn & Required<{ _id: ObjectId; }> & { __v: number; }'.
src/modules/seller/controllers/returnController.ts(76,27): error TS2339: Property 'variantTitle' does not exist on type 'Document<unknown, {}, IReturn, {}, {}> & IReturn & Required<{ _id: ObjectId; }> & { __v: number; }'.
src/modules/seller/controllers/returnController.ts(77,25): error TS2339: Property 'price' does not exist on type 'Document<unknown, {}, IReturn, {}, {}> & IReturn & Required<{ _id: ObjectId; }> & { __v: number; }'.
src/modules/seller/controllers/returnController.ts(78,29): error TS2339: Property 'discPrice' does not exist on type 'Document<unknown, {}, IReturn, {}, {}> & IReturn & Required<{ _id: ObjectId; }> & { __v: number; }'.
src/modules/seller/controllers/returnController.ts(80,25): error TS2339: Property 'total' does not exist on type 'Document<unknown, {}, IReturn, {}, {}> & IReturn & Required<{ _id: ObjectId; }> & { __v: number; }'.
src/modules/seller/controllers/returnController.ts(82,24): error TS2339: Property 'returnDate' does not exist on type 'Document<unknown, {}, IReturn, {}, {}> & IReturn & Required<{ _id: ObjectId; }> & { __v: number; }'.
src/modules/seller/controllers/returnController.ts(83,33): error TS2551: Property 'customerId' does not exist on type 'Document<unknown, {}, IReturn, {}, {}> & IReturn & Required<{ _id: ObjectId; }> & { __v: number; }'. Did you mean 'customer'?
src/modules/seller/controllers/returnController.ts(84,34): error TS2551: Property 'customerId' does not exist on type 'Document<unknown, {}, IReturn, {}, {}> & IReturn & Required<{ _id: ObjectId; }> & { __v: number; }'. Did you mean 'customer'?
src/modules/seller/controllers/returnController.ts(85,28): error TS2551: Property 'orderId' does not exist on type 'Document<unknown, {}, IReturn, {}, {}> & IReturn & Required<{ _id: ObjectId; }> & { __v: number; }'. Did you mean 'order'?
src/modules/seller/controllers/returnController.ts(126,31): error TS2551: Property 'orderId' does not exist on type 'Document<unknown, {}, IReturn, {}, {}> & IReturn & Required<{ _id: ObjectId; }> & { __v: number; }'. Did you mean 'order'?
src/modules/seller/controllers/returnController.ts(127,34): error TS2551: Property 'orderItemId' does not exist on type 'Document<unknown, {}, IReturn, {}, {}> & IReturn & Required<{ _id: ObjectId; }> & { __v: number; }'. Did you mean 'orderItem'?
src/modules/seller/controllers/returnController.ts(128,34): error TS2339: Property 'productName' does not exist on type 'Document<unknown, {}, IReturn, {}, {}> & IReturn & Required<{ _id: ObjectId; }> & { __v: number; }'.
src/modules/seller/controllers/returnController.ts(129,35): error TS2339: Property 'variantTitle' does not exist on type 'Document<unknown, {}, IReturn, {}, {}> & IReturn & Required<{ _id: ObjectId; }> & { __v: number; }'.
src/modules/seller/controllers/returnController.ts(130,28): error TS2339: Property 'price' does not exist on type 'Document<unknown, {}, IReturn, {}, {}> & IReturn & Required<{ _id: ObjectId; }> & { __v: number; }'.
src/modules/seller/controllers/returnController.ts(131,32): error TS2339: Property 'discPrice' does not exist on type 'Document<unknown, {}, IReturn, {}, {}> & IReturn & Required<{ _id: ObjectId; }> & { __v: number; }'.
src/modules/seller/controllers/returnController.ts(133,28): error TS2339: Property 'total' does not exist on type 'Document<unknown, {}, IReturn, {}, {}> & IReturn & Required<{ _id: ObjectId; }> & { __v: number; }'.
src/modules/seller/controllers/returnController.ts(135,33): error TS2339: Property 'returnDate' does not exist on type 'Document<unknown, {}, IReturn, {}, {}> & IReturn & Required<{ _id: ObjectId; }> & { __v: number; }'.
src/modules/seller/controllers/returnController.ts(136,36): error TS2551: Property 'processedDate' does not exist on type 'Document<unknown, {}, IReturn, {}, {}> & IReturn & Required<{ _id: ObjectId; }> & { __v: number; }'. Did you mean 'processedAt'?
src/modules/seller/controllers/returnController.ts(138,36): error TS2551: Property 'customerId' does not exist on type 'Document<unknown, {}, IReturn, {}, {}> & IReturn & Required<{ _id: ObjectId; }> & { __v: number; }'. Did you mean 'customer'?
src/modules/seller/controllers/returnController.ts(139,37): error TS2551: Property 'customerId' does not exist on type 'Document<unknown, {}, IReturn, {}, {}> & IReturn & Required<{ _id: ObjectId; }> & { __v: number; }'. Did you mean 'customer'?
src/modules/seller/controllers/returnController.ts(140,37): error TS2551: Property 'customerId' does not exist on type 'Document<unknown, {}, IReturn, {}, {}> & IReturn & Required<{ _id: ObjectId; }> & { __v: number; }'. Did you mean 'customer'?
src/modules/seller/controllers/returnController.ts(195,38): error TS2551: Property 'processedDate' does not exist on type 'Document<unknown, {}, IReturn, {}, {}> & IReturn & Required<{ _id: ObjectId; }> & { __v: number; }'. Did you mean 'processedAt'?
src/modules/seller/controllers/taxController.ts(8,51): error TS6133: 'req' is declared but its value is never read.
src/modules/seller/controllers/taxController.ts(20,48): error TS6133: 'req' is declared but its value is never read.
src/scripts/migrate_slugs.ts(42,26): error TS2339: Property 'slug' does not exist on type 'Document<unknown, {}, IProduct, {}, {}> & IProduct & Required<{ _id: ObjectId; }> & { __v: number; }'.
src/scripts/migrate_slugs.ts(53,25): error TS2339: Property 'slug' does not exist on type 'Document<unknown, {}, IProduct, {}, {}> & IProduct & Required<{ _id: ObjectId; }> & { __v: number; }'.
src/scripts/seedProducts.ts(228,45): error TS2339: Property 'name' does not exist on type 'Document<unknown, {}, ISeller, {}, {}> & ISeller & Required<{ _id: ObjectId; }> & { __v: number; }'.
src/scripts/test-vendor-approval.ts(206,42): error TS2345: Argument of type '"WARN"' is not assignable to parameter of type '"PASS" | "FAIL" | "SKIP"'.
